
[1m[30m[46m RUN [49m[39m[22m [36mv4.1.11 [39m[90m/Users/jeff/Library/CloudStorage/OneDrive-Personal/git/autocoach/frontend[39m

[31m⎯⎯⎯⎯⎯⎯[39m[1m[41m Unhandled Errors [49m[22m[31m⎯⎯⎯⎯⎯⎯[39m
[31m[1m
Vitest caught 2 unhandled errors during the test run.
This might cause false positive tests. Resolve unhandled errors to make sure your tests are not affected.[22m[39m

[31m⎯⎯⎯⎯⎯⎯[39m[1m[41m Unhandled Error [49m[22m[31m⎯⎯⎯⎯⎯⎯⎯[39m
[31m[1mError[22m: [vitest-pool]: Failed to start forks worker for test files /Users/jeff/Library/CloudStorage/OneDrive-Personal/git/autocoach/frontend/src/utils/urlParser.test.ts.[39m
[90m [2m❯[22m node_modules/vitest/dist/chunks/cli-api.CnMVyzaz.js:[2m3532:94[22m[39m
[90m [2m❯[22m runNextTicks node:internal/process/task_queues:[2m60:5[22m[39m
[90m [2m❯[22m listOnTimeout node:internal/timers:[2m545:9[22m[39m
[90m [2m❯[22m processTimers node:internal/timers:[2m519:7[22m[39m
[90m [2m❯[22m Pool.schedule node_modules/vitest/dist/chunks/cli-api.CnMVyzaz.js:[2m3532:5[22m[39m

[31m[1mCaused by: Error[22m: [vitest-pool-runner]: Timeout waiting for worker to respond[39m
[90m [2m❯[22m Timeout.<anonymous> node_modules/vitest/dist/chunks/cli-api.CnMVyzaz.js:[2m3108:58[22m[39m
[90m [2m❯[22m listOnTimeout node:internal/timers:[2m581:17[22m[39m
[90m [2m❯[22m processTimers node:internal/timers:[2m519:7[22m[39m


[31m⎯⎯⎯⎯⎯⎯[39m[1m[41m Unhandled Error [49m[22m[31m⎯⎯⎯⎯⎯⎯⎯[39m
[31m[1mError[22m: [vitest-pool]: Failed to start forks worker for test files /Users/jeff/Library/CloudStorage/OneDrive-Personal/git/autocoach/frontend/src/sessions.test.ts.[39m
[90m [2m❯[22m node_modules/vitest/dist/chunks/cli-api.CnMVyzaz.js:[2m3532:94[22m[39m
[90m [2m❯[22m Pool.schedule node_modules/vitest/dist/chunks/cli-api.CnMVyzaz.js:[2m3532:5[22m[39m

[31m[1mCaused by: Error[22m: [vitest-pool-runner]: Timeout waiting for worker to respond[39m
[90m [2m❯[22m Timeout.<anonymous> node_modules/vitest/dist/chunks/cli-api.CnMVyzaz.js:[2m3108:58[22m[39m
[90m [2m❯[22m listOnTimeout node:internal/timers:[2m581:17[22m[39m
[90m [2m❯[22m processTimers node:internal/timers:[2m519:7[22m[39m

[31m⎯⎯⎯⎯⎯⎯⎯⎯⎯⎯⎯⎯⎯⎯⎯⎯⎯⎯⎯⎯⎯⎯⎯⎯⎯⎯⎯⎯⎯⎯[39m


[2m Test Files [22m [2mno tests[22m
[2m      Tests [22m [2mno tests[22m
[2m     Errors [22m [1m[31m2 errors[39m[22m
[2m   Start at [22m 11:44:59
[2m   Duration [22m 60.04s[2m (transform 0ms, setup 0ms, import 0ms, tests 0ms, environment 0ms)[22m

